// Jest Snapshot v1, https://goo.gl/fbAQLP

exports[`should render EditExpensePage 1`] = `
<div>
  <ExpenseForm
    expense={
      Object {
        "amount": 395,
        "createdAt": 345600000,
        "description": "Double Penetrating Unkempt Herald",
        "id": "3",
        "note": "Did I fire six shots, or only five? Three? Seven. Whatever.",
      }
    }
    onSubmit={[Function]}
  />
  <button
    onClick={[Function]}
  >
    Remove
  </button>
</div>
`;
