// Jest Snapshot v1, https://goo.gl/fbAQLP

exports[`should render ExpenseListItem correctly 1`] = `
<div>
  <Link
    to="/edit/3"
  >
    <h3>
      Double Penetrating Unkempt Herald
    </h3>
  </Link>
  <p>
    $3.95
    -
    January 4th, 1970
  </p>
</div>
`;
